$ C:\Users\dgonzalez\AppData\Local\Programs\Python\Python312\python.exe code/build_dataset.py
{
  "families": 699,
  "numeric": 692,
  "valid": 685,
  "standardized": 626,
  "oriented": 485,
  "rated": 620,
  "exclusions": {
    "ok": 685,
    "latest table has no parseable standardized effect": 7,
    "|SDE| > 5": 4,
    "SE(SDE) <= 0": 2,
    "no classification label": 1
  }
}

$ C:\Users\dgonzalez\AppData\Local\Programs\Python\Python312\python.exe code/test_analysis.py
.............
----------------------------------------------------------------------
Ran 13 tests in 0.008s

OK

$ C:\Users\dgonzalez\AppData\Local\Programs\Python\Python312\python.exe code/run_analysis.py
binary k 335 mean -0.0023 CI -0.0411 0.0366 tau2 0.0914
continuous k 150 mean 0.0113 CI -0.018 0.0406 tau2 0.0214

$ C:\Users\dgonzalez\AppData\Local\Programs\Python\Python312\python.exe code/make_tex.py
Generated 59 numeric macros and ten tables

$ C:\Users\dgonzalez\AppData\Local\Programs\Python\Python312\python.exe code/make_figures.py
Generated two vector figures

$ C:\Users\dgonzalez\AppData\Local\Programs\MiKTeX\miktex\bin\x64\pdflatex.EXE -interaction=nonstopmode -halt-on-error -output-directory=../output/paper main.tex
This is pdfTeX, Version 3.141592653-2.6-1.40.28 (MiKTeX 25.12) (preloaded format=pdflatex.fmt)
 restricted \write18 enabled.
entering extended mode
(main.tex
LaTeX2e <2025-11-01>
L3 programming layer <2025-12-24>
(C:\Users\dgonzalez\AppData\Local\Programs\MiKTeX\tex/latex/base\article.cls
Document Class: article 2025/01/22 v1.4n Standard LaTeX document class
(C:\Users\dgonzalez\AppData\Local\Programs\MiKTeX\tex/latex/base\size11.clo))
(C:\Users\dgonzalez\AppData\Local\Programs\MiKTeX\tex/latex/base\fontenc.sty)
(C:\Users\dgonzalez\AppData\Local\Programs\MiKTeX\tex/latex/base\inputenc.sty)
(C:\Users\dgonzalez\AppData\Local\Programs\MiKTeX\tex/latex/geometry\geometry.s
ty
(C:\Users\dgonzalez\AppData\Local\Programs\MiKTeX\tex/latex/graphics\keyval.sty
)
(C:\Users\dgonzalez\AppData\Local\Programs\MiKTeX\tex/generic/iftex\ifvtex.sty
(C:\Users\dgonzalez\AppData\Local\Programs\MiKTeX\tex/generic/iftex\iftex.sty))

(C:\Users\dgonzalez\AppData\Local\Programs\MiKTeX\tex/latex/geometry\geometry.c
fg)) (C:\Users\dgonzalez\AppData\Local\Programs\MiKTeX\tex/latex/lm\lmodern.sty
)
(C:\Users\dgonzalez\AppData\Local\Programs\MiKTeX\tex/latex/amsmath\amsmath.sty
For additional information on amsmath, use the `?' option.

(C:\Users\dgonzalez\AppData\Local\Programs\MiKTeX\tex/latex/amsmath\amstext.sty
(C:\Users\dgonzalez\AppData\Local\Programs\MiKTeX\tex/latex/amsmath\amsgen.sty)
)
(C:\Users\dgonzalez\AppData\Local\Programs\MiKTeX\tex/latex/amsmath\amsbsy.sty)
 (C:\Users\dgonzalez\AppData\Local\Programs\MiKTeX\tex/latex/amsmath\amsopn.sty
))
(C:\Users\dgonzalez\AppData\Local\Programs\MiKTeX\tex/latex/amsfonts\amssymb.st
y
(C:\Users\dgonzalez\AppData\Local\Programs\MiKTeX\tex/latex/amsfonts\amsfonts.s
ty))
(C:\Users\dgonzalez\AppData\Local\Programs\MiKTeX\tex/latex/booktabs\booktabs.s
ty)
(C:\Users\dgonzalez\AppData\Local\Programs\MiKTeX\tex/latex/graphics\graphicx.s
ty
(C:\Users\dgonzalez\AppData\Local\Programs\MiKTeX\tex/latex/graphics\graphics.s
ty
(C:\Users\dgonzalez\AppData\Local\Programs\MiKTeX\tex/latex/graphics\trig.sty)
(C:\Users\dgonzalez\AppData\Local\Programs\MiKTeX\tex/latex/graphics-cfg\graphi
cs.cfg)
(C:\Users\dgonzalez\AppData\Local\Programs\MiKTeX\tex/latex/graphics-def\pdftex
.def)))
(C:\Users\dgonzalez\AppData\Local\Programs\MiKTeX\tex/latex/tools\array.sty)
(C:\Users\dgonzalez\AppData\Local\Programs\MiKTeX\tex/latex/natbib\natbib.sty)
(C:\Users\dgonzalez\AppData\Local\Programs\MiKTeX\tex/latex/caption\caption.sty

(C:\Users\dgonzalez\AppData\Local\Programs\MiKTeX\tex/latex/caption\caption3.st
y))
(C:\Users\dgonzalez\AppData\Local\Programs\MiKTeX\tex/latex/hyperref\hyperref.s
ty
(C:\Users\dgonzalez\AppData\Local\Programs\MiKTeX\tex/latex/kvsetkeys\kvsetkeys
.sty)
(C:\Users\dgonzalez\AppData\Local\Programs\MiKTeX\tex/generic/kvdefinekeys\kvde
finekeys.sty)
(C:\Users\dgonzalez\AppData\Local\Programs\MiKTeX\tex/generic/pdfescape\pdfesca
pe.sty
(C:\Users\dgonzalez\AppData\Local\Programs\MiKTeX\tex/generic/ltxcmds\ltxcmds.s
ty)
(C:\Users\dgonzalez\AppData\Local\Programs\MiKTeX\tex/generic/pdftexcmds\pdftex
cmds.sty
(C:\Users\dgonzalez\AppData\Local\Programs\MiKTeX\tex/generic/infwarerr\infware
rr.sty)))
(C:\Users\dgonzalez\AppData\Local\Programs\MiKTeX\tex/latex/hycolor\hycolor.sty
)
(C:\Users\dgonzalez\AppData\Local\Programs\MiKTeX\tex/latex/hyperref\nameref.st
y
(C:\Users\dgonzalez\AppData\Local\Programs\MiKTeX\tex/latex/refcount\refcount.s
ty)
(C:\Users\dgonzalez\AppData\Local\Programs\MiKTeX\tex/generic/gettitlestring\ge
ttitlestring.sty
(C:\Users\dgonzalez\AppData\Local\Programs\MiKTeX\tex/latex/kvoptions\kvoptions
.sty)))
(C:\Users\dgonzalez\AppData\Local\Programs\MiKTeX\tex/latex/etoolbox\etoolbox.s
ty)
(C:\Users\dgonzalez\AppData\Local\Programs\MiKTeX\tex/generic/stringenc\stringe
nc.sty)
(C:\Users\dgonzalez\AppData\Local\Programs\MiKTeX\tex/latex/hyperref\pd1enc.def
)
(C:\Users\dgonzalez\AppData\Local\Programs\MiKTeX\tex/generic/intcalc\intcalc.s
ty)
(C:\Users\dgonzalez\AppData\Local\Programs\MiKTeX\tex/latex/hyperref\puenc.def)
(C:\Users\dgonzalez\AppData\Local\Programs\MiKTeX\tex/latex/url\url.sty)
(C:\Users\dgonzalez\AppData\Local\Programs\MiKTeX\tex/generic/bitset\bitset.sty

(C:\Users\dgonzalez\AppData\Local\Programs\MiKTeX\tex/generic/bigintcalc\bigint
calc.sty)))
(C:\Users\dgonzalez\AppData\Local\Programs\MiKTeX\tex/latex/hyperref\hpdftex.de
f
(C:\Users\dgonzalez\AppData\Local\Programs\MiKTeX\tex/latex/rerunfilecheck\reru
nfilecheck.sty
(C:\Users\dgonzalez\AppData\Local\Programs\MiKTeX\tex/generic/uniquecounter\uni
quecounter.sty)))
(C:\Users\dgonzalez\AppData\Local\Programs\MiKTeX\tex/latex/setspace\setspace.s
ty) (generated/numbers.tex)
(C:\Users\dgonzalez\AppData\Local\Programs\MiKTeX\tex/latex/lm\t1lmr.fd)
(C:\Users\dgonzalez\AppData\Local\Programs\MiKTeX\tex/latex/l3backend\l3backend
-pdftex.def)
(C:\Users\dgonzalez\Desktop\Diego González\Project APE MA\output\paper\main.au
x)
*geometry* driver: auto-detecting
*geometry* detected driver: pdftex

(C:\Users\dgonzalez\AppData\Local\Programs\MiKTeX\tex/context/base/mkii\supp-pd
f.mkii
[Loading MPS to PDF converter (version 2006.09.02).]
)
(C:\Users\dgonzalez\AppData\Local\Programs\MiKTeX\tex/latex/epstopdf-pkg\epstop
df-base.sty
(C:\Users\dgonzalez\AppData\Local\Programs\MiKTeX\tex/latex/00miktex\epstopdf-s
ys.cfg))
(C:\Users\dgonzalez\Desktop\Diego González\Project APE MA\output\paper\main.ou
t)
(C:\Users\dgonzalez\Desktop\Diego González\Project APE MA\output\paper\main.ou
t) (C:\Users\dgonzalez\AppData\Local\Programs\MiKTeX\tex/latex/lm\ot1lmr.fd)
(C:\Users\dgonzalez\AppData\Local\Programs\MiKTeX\tex/latex/lm\omllmm.fd)
(C:\Users\dgonzalez\AppData\Local\Programs\MiKTeX\tex/latex/lm\omslmsy.fd)
(C:\Users\dgonzalez\AppData\Local\Programs\MiKTeX\tex/latex/lm\omxlmex.fd)
(C:\Users\dgonzalez\AppData\Local\Programs\MiKTeX\tex/latex/amsfonts\umsa.fd)
(C:\Users\dgonzalez\AppData\Local\Programs\MiKTeX\tex/latex/amsfonts\umsb.fd)
(C:\Users\dgonzalez\AppData\Local\Programs\MiKTeX\tex/latex/lm\ts1lmr.fd)
[1{C:/Users/dgonzalez/AppData/Local/MiKTeX/fonts/map/pdftex/pdftex.map}{C:/User
s/dgonzalez/AppData/Local/Programs/MiKTeX/fonts/enc/dvips/lm/lm-ec.enc}{C:/User
s/dgonzalez/AppData/Local/Programs/MiKTeX/fonts/enc/dvips/lm/lm-ts1.enc}]
[2] (C:\Users\dgonzalez\AppData\Local\Programs\MiKTeX\tex/latex/lm\t1lmtt.fd)
(generated/sample.tex) [3] [4{C:/Users/dgonzalez/AppData/Local/Programs/MiKTeX/
fonts/enc/dvips/lm/lm-mathex.enc}{C:/Users/dgonzalez/AppData/Local/Programs/MiK
TeX/fonts/enc/dvips/lm/lm-mathit.enc}{C:/Users/dgonzalez/AppData/Local/Programs
/MiKTeX/fonts/enc/dvips/lm/lm-rm.enc}] [5{C:/Users/dgonzalez/AppData/Local/Prog
rams/MiKTeX/fonts/enc/dvips/lm/lm-mathsy.enc}] [6] [7]
(generated/distribution.tex) [8 <../output/figures/magnitude_cdf.pdf>]
(generated/pooled.tex) (generated/policy_regressions.tex [9] [10 <../output/fig
ures/domains.pdf>]) (generated/quality_regressions.tex) [11] [12] [13]

LaTeX Warning: Reference `tab:direction_comparison' on page 14 undefined on inp
ut line 174.

[14] [15] [16] (generated/thresholds.tex) [17] (generated/robustness.tex)
[18] (generated/identities.tex) (generated/weights.tex) [19]
(generated/direction_comparison.tex) [20]
(C:\Users\dgonzalez\Desktop\Diego González\Project APE MA\output\paper\main.au
x)

LaTeX Warning: There were undefined references.


LaTeX Warning: Label(s) may have changed. Rerun to get cross-references right.


Package rerunfilecheck Warning: File `main.out' has changed.
(rerunfilecheck)                Rerun to get outlines right
(rerunfilecheck)                or use package `bookmark'.

 )<C:/Users/dgonzalez/AppData/Local/Programs/MiKTeX/fonts/type1/public/lm/lmbx1
0.pfb><C:/Users/dgonzalez/AppData/Local/Programs/MiKTeX/fonts/type1/public/lm/l
mbx12.pfb><C:/Users/dgonzalez/AppData/Local/Programs/MiKTeX/fonts/type1/public/
lm/lmex10.pfb><C:/Users/dgonzalez/AppData/Local/Programs/MiKTeX/fonts/type1/pub
lic/lm/lmmi10.pfb><C:/Users/dgonzalez/AppData/Local/Programs/MiKTeX/fonts/type1
/public/lm/lmmi7.pfb><C:/Users/dgonzalez/AppData/Local/Programs/MiKTeX/fonts/ty
pe1/public/lm/lmmi8.pfb><C:/Users/dgonzalez/AppData/Local/Programs/MiKTeX/fonts
/type1/public/lm/lmmi9.pfb><C:/Users/dgonzalez/AppData/Local/Programs/MiKTeX/fo
nts/type1/public/lm/lmr10.pfb><C:/Users/dgonzalez/AppData/Local/Programs/MiKTeX
/fonts/type1/public/lm/lmr12.pfb><C:/Users/dgonzalez/AppData/Local/Programs/MiK
TeX/fonts/type1/public/lm/lmr17.pfb><C:/Users/dgonzalez/AppData/Local/Programs/
MiKTeX/fonts/type1/public/lm/lmr6.pfb><C:/Users/dgonzalez/AppData/Local/Program
s/MiKTeX/fonts/type1/public/lm/lmr7.pfb><C:/Users/dgonzalez/AppData/Local/Progr
ams/MiKTeX/fonts/type1/public/lm/lmr8.pfb><C:/Users/dgonzalez/AppData/Local/Pro
grams/MiKTeX/fonts/type1/public/lm/lmr9.pfb><C:/Users/dgonzalez/AppData/Local/P
rograms/MiKTeX/fonts/type1/public/lm/lmri10.pfb><C:/Users/dgonzalez/AppData/Loc
al/Programs/MiKTeX/fonts/type1/public/lm/lmri9.pfb><C:/Users/dgonzalez/AppData/
Local/Programs/MiKTeX/fonts/type1/public/lm/lmsy10.pfb><C:/Users/dgonzalez/AppD
ata/Local/Programs/MiKTeX/fonts/type1/public/lm/lmsy6.pfb><C:/Users/dgonzalez/A
ppData/Local/Programs/MiKTeX/fonts/type1/public/lm/lmsy7.pfb><C:/Users/dgonzale
z/AppData/Local/Programs/MiKTeX/fonts/type1/public/lm/lmsy8.pfb><C:/Users/dgonz
alez/AppData/Local/Programs/MiKTeX/fonts/type1/public/lm/lmtt10.pfb>
Output written on "C:\Users\dgonzalez\Desktop\Diego González\Project APE MA\ou
tput\paper\main.pdf" (20 pages, 466985 bytes).
Transcript written on "C:\Users\dgonzalez\Desktop\Diego González\Project APE M
A\output\paper\main.log".

$ C:\Users\dgonzalez\AppData\Local\Programs\MiKTeX\miktex\bin\x64\pdflatex.EXE -interaction=nonstopmode -halt-on-error -output-directory=../output/paper main.tex
This is pdfTeX, Version 3.141592653-2.6-1.40.28 (MiKTeX 25.12) (preloaded format=pdflatex.fmt)
 restricted \write18 enabled.
entering extended mode
(main.tex
LaTeX2e <2025-11-01>
L3 programming layer <2025-12-24>
(C:\Users\dgonzalez\AppData\Local\Programs\MiKTeX\tex/latex/base\article.cls
Document Class: article 2025/01/22 v1.4n Standard LaTeX document class
(C:\Users\dgonzalez\AppData\Local\Programs\MiKTeX\tex/latex/base\size11.clo))
(C:\Users\dgonzalez\AppData\Local\Programs\MiKTeX\tex/latex/base\fontenc.sty)
(C:\Users\dgonzalez\AppData\Local\Programs\MiKTeX\tex/latex/base\inputenc.sty)
(C:\Users\dgonzalez\AppData\Local\Programs\MiKTeX\tex/latex/geometry\geometry.s
ty
(C:\Users\dgonzalez\AppData\Local\Programs\MiKTeX\tex/latex/graphics\keyval.sty
)
(C:\Users\dgonzalez\AppData\Local\Programs\MiKTeX\tex/generic/iftex\ifvtex.sty
(C:\Users\dgonzalez\AppData\Local\Programs\MiKTeX\tex/generic/iftex\iftex.sty))

(C:\Users\dgonzalez\AppData\Local\Programs\MiKTeX\tex/latex/geometry\geometry.c
fg)) (C:\Users\dgonzalez\AppData\Local\Programs\MiKTeX\tex/latex/lm\lmodern.sty
)
(C:\Users\dgonzalez\AppData\Local\Programs\MiKTeX\tex/latex/amsmath\amsmath.sty
For additional information on amsmath, use the `?' option.

(C:\Users\dgonzalez\AppData\Local\Programs\MiKTeX\tex/latex/amsmath\amstext.sty
(C:\Users\dgonzalez\AppData\Local\Programs\MiKTeX\tex/latex/amsmath\amsgen.sty)
)
(C:\Users\dgonzalez\AppData\Local\Programs\MiKTeX\tex/latex/amsmath\amsbsy.sty)
 (C:\Users\dgonzalez\AppData\Local\Programs\MiKTeX\tex/latex/amsmath\amsopn.sty
))
(C:\Users\dgonzalez\AppData\Local\Programs\MiKTeX\tex/latex/amsfonts\amssymb.st
y
(C:\Users\dgonzalez\AppData\Local\Programs\MiKTeX\tex/latex/amsfonts\amsfonts.s
ty))
(C:\Users\dgonzalez\AppData\Local\Programs\MiKTeX\tex/latex/booktabs\booktabs.s
ty)
(C:\Users\dgonzalez\AppData\Local\Programs\MiKTeX\tex/latex/graphics\graphicx.s
ty
(C:\Users\dgonzalez\AppData\Local\Programs\MiKTeX\tex/latex/graphics\graphics.s
ty
(C:\Users\dgonzalez\AppData\Local\Programs\MiKTeX\tex/latex/graphics\trig.sty)
(C:\Users\dgonzalez\AppData\Local\Programs\MiKTeX\tex/latex/graphics-cfg\graphi
cs.cfg)
(C:\Users\dgonzalez\AppData\Local\Programs\MiKTeX\tex/latex/graphics-def\pdftex
.def)))
(C:\Users\dgonzalez\AppData\Local\Programs\MiKTeX\tex/latex/tools\array.sty)
(C:\Users\dgonzalez\AppData\Local\Programs\MiKTeX\tex/latex/natbib\natbib.sty)
(C:\Users\dgonzalez\AppData\Local\Programs\MiKTeX\tex/latex/caption\caption.sty

(C:\Users\dgonzalez\AppData\Local\Programs\MiKTeX\tex/latex/caption\caption3.st
y))
(C:\Users\dgonzalez\AppData\Local\Programs\MiKTeX\tex/latex/hyperref\hyperref.s
ty
(C:\Users\dgonzalez\AppData\Local\Programs\MiKTeX\tex/latex/kvsetkeys\kvsetkeys
.sty)
(C:\Users\dgonzalez\AppData\Local\Programs\MiKTeX\tex/generic/kvdefinekeys\kvde
finekeys.sty)
(C:\Users\dgonzalez\AppData\Local\Programs\MiKTeX\tex/generic/pdfescape\pdfesca
pe.sty
(C:\Users\dgonzalez\AppData\Local\Programs\MiKTeX\tex/generic/ltxcmds\ltxcmds.s
ty)
(C:\Users\dgonzalez\AppData\Local\Programs\MiKTeX\tex/generic/pdftexcmds\pdftex
cmds.sty
(C:\Users\dgonzalez\AppData\Local\Programs\MiKTeX\tex/generic/infwarerr\infware
rr.sty)))
(C:\Users\dgonzalez\AppData\Local\Programs\MiKTeX\tex/latex/hycolor\hycolor.sty
)
(C:\Users\dgonzalez\AppData\Local\Programs\MiKTeX\tex/latex/hyperref\nameref.st
y
(C:\Users\dgonzalez\AppData\Local\Programs\MiKTeX\tex/latex/refcount\refcount.s
ty)
(C:\Users\dgonzalez\AppData\Local\Programs\MiKTeX\tex/generic/gettitlestring\ge
ttitlestring.sty
(C:\Users\dgonzalez\AppData\Local\Programs\MiKTeX\tex/latex/kvoptions\kvoptions
.sty)))
(C:\Users\dgonzalez\AppData\Local\Programs\MiKTeX\tex/latex/etoolbox\etoolbox.s
ty)
(C:\Users\dgonzalez\AppData\Local\Programs\MiKTeX\tex/generic/stringenc\stringe
nc.sty)
(C:\Users\dgonzalez\AppData\Local\Programs\MiKTeX\tex/latex/hyperref\pd1enc.def
)
(C:\Users\dgonzalez\AppData\Local\Programs\MiKTeX\tex/generic/intcalc\intcalc.s
ty)
(C:\Users\dgonzalez\AppData\Local\Programs\MiKTeX\tex/latex/hyperref\puenc.def)
(C:\Users\dgonzalez\AppData\Local\Programs\MiKTeX\tex/latex/url\url.sty)
(C:\Users\dgonzalez\AppData\Local\Programs\MiKTeX\tex/generic/bitset\bitset.sty

(C:\Users\dgonzalez\AppData\Local\Programs\MiKTeX\tex/generic/bigintcalc\bigint
calc.sty)))
(C:\Users\dgonzalez\AppData\Local\Programs\MiKTeX\tex/latex/hyperref\hpdftex.de
f
(C:\Users\dgonzalez\AppData\Local\Programs\MiKTeX\tex/latex/rerunfilecheck\reru
nfilecheck.sty
(C:\Users\dgonzalez\AppData\Local\Programs\MiKTeX\tex/generic/uniquecounter\uni
quecounter.sty)))
(C:\Users\dgonzalez\AppData\Local\Programs\MiKTeX\tex/latex/setspace\setspace.s
ty) (generated/numbers.tex)
(C:\Users\dgonzalez\AppData\Local\Programs\MiKTeX\tex/latex/lm\t1lmr.fd)
(C:\Users\dgonzalez\AppData\Local\Programs\MiKTeX\tex/latex/l3backend\l3backend
-pdftex.def)
(C:\Users\dgonzalez\Desktop\Diego González\Project APE MA\output\paper\main.au
x)
*geometry* driver: auto-detecting
*geometry* detected driver: pdftex

(C:\Users\dgonzalez\AppData\Local\Programs\MiKTeX\tex/context/base/mkii\supp-pd
f.mkii
[Loading MPS to PDF converter (version 2006.09.02).]
)
(C:\Users\dgonzalez\AppData\Local\Programs\MiKTeX\tex/latex/epstopdf-pkg\epstop
df-base.sty
(C:\Users\dgonzalez\AppData\Local\Programs\MiKTeX\tex/latex/00miktex\epstopdf-s
ys.cfg))
(C:\Users\dgonzalez\Desktop\Diego González\Project APE MA\output\paper\main.ou
t)
(C:\Users\dgonzalez\Desktop\Diego González\Project APE MA\output\paper\main.ou
t) (C:\Users\dgonzalez\AppData\Local\Programs\MiKTeX\tex/latex/lm\ot1lmr.fd)
(C:\Users\dgonzalez\AppData\Local\Programs\MiKTeX\tex/latex/lm\omllmm.fd)
(C:\Users\dgonzalez\AppData\Local\Programs\MiKTeX\tex/latex/lm\omslmsy.fd)
(C:\Users\dgonzalez\AppData\Local\Programs\MiKTeX\tex/latex/lm\omxlmex.fd)
(C:\Users\dgonzalez\AppData\Local\Programs\MiKTeX\tex/latex/amsfonts\umsa.fd)
(C:\Users\dgonzalez\AppData\Local\Programs\MiKTeX\tex/latex/amsfonts\umsb.fd)
(C:\Users\dgonzalez\AppData\Local\Programs\MiKTeX\tex/latex/lm\ts1lmr.fd)
[1{C:/Users/dgonzalez/AppData/Local/MiKTeX/fonts/map/pdftex/pdftex.map}{C:/User
s/dgonzalez/AppData/Local/Programs/MiKTeX/fonts/enc/dvips/lm/lm-ec.enc}{C:/User
s/dgonzalez/AppData/Local/Programs/MiKTeX/fonts/enc/dvips/lm/lm-ts1.enc}]
[2] (C:\Users\dgonzalez\AppData\Local\Programs\MiKTeX\tex/latex/lm\t1lmtt.fd)
(generated/sample.tex) [3] [4{C:/Users/dgonzalez/AppData/Local/Programs/MiKTeX/
fonts/enc/dvips/lm/lm-mathex.enc}{C:/Users/dgonzalez/AppData/Local/Programs/MiK
TeX/fonts/enc/dvips/lm/lm-mathit.enc}{C:/Users/dgonzalez/AppData/Local/Programs
/MiKTeX/fonts/enc/dvips/lm/lm-rm.enc}] [5{C:/Users/dgonzalez/AppData/Local/Prog
rams/MiKTeX/fonts/enc/dvips/lm/lm-mathsy.enc}] [6] [7]
(generated/distribution.tex) [8 <../output/figures/magnitude_cdf.pdf>]
(generated/pooled.tex) (generated/policy_regressions.tex [9] [10 <../output/fig
ures/domains.pdf>]) (generated/quality_regressions.tex) [11] [12] [13] [14]
[15] [16] (generated/thresholds.tex) [17] (generated/robustness.tex) [18]
(generated/identities.tex) (generated/weights.tex) [19]
(generated/direction_comparison.tex) [20]
(C:\Users\dgonzalez\Desktop\Diego González\Project APE MA\output\paper\main.au
x) )<C:/Users/dgonzalez/AppData/Local/Programs/MiKTeX/fonts/type1/public/lm/lmb
x10.pfb><C:/Users/dgonzalez/AppData/Local/Programs/MiKTeX/fonts/type1/public/lm
/lmbx12.pfb><C:/Users/dgonzalez/AppData/Local/Programs/MiKTeX/fonts/type1/publi
c/lm/lmex10.pfb><C:/Users/dgonzalez/AppData/Local/Programs/MiKTeX/fonts/type1/p
ublic/lm/lmmi10.pfb><C:/Users/dgonzalez/AppData/Local/Programs/MiKTeX/fonts/typ
e1/public/lm/lmmi7.pfb><C:/Users/dgonzalez/AppData/Local/Programs/MiKTeX/fonts/
type1/public/lm/lmmi8.pfb><C:/Users/dgonzalez/AppData/Local/Programs/MiKTeX/fon
ts/type1/public/lm/lmmi9.pfb><C:/Users/dgonzalez/AppData/Local/Programs/MiKTeX/
fonts/type1/public/lm/lmr10.pfb><C:/Users/dgonzalez/AppData/Local/Programs/MiKT
eX/fonts/type1/public/lm/lmr12.pfb><C:/Users/dgonzalez/AppData/Local/Programs/M
iKTeX/fonts/type1/public/lm/lmr17.pfb><C:/Users/dgonzalez/AppData/Local/Program
s/MiKTeX/fonts/type1/public/lm/lmr6.pfb><C:/Users/dgonzalez/AppData/Local/Progr
ams/MiKTeX/fonts/type1/public/lm/lmr7.pfb><C:/Users/dgonzalez/AppData/Local/Pro
grams/MiKTeX/fonts/type1/public/lm/lmr8.pfb><C:/Users/dgonzalez/AppData/Local/P
rograms/MiKTeX/fonts/type1/public/lm/lmr9.pfb><C:/Users/dgonzalez/AppData/Local
/Programs/MiKTeX/fonts/type1/public/lm/lmri10.pfb><C:/Users/dgonzalez/AppData/L
ocal/Programs/MiKTeX/fonts/type1/public/lm/lmri9.pfb><C:/Users/dgonzalez/AppDat
a/Local/Programs/MiKTeX/fonts/type1/public/lm/lmsy10.pfb><C:/Users/dgonzalez/Ap
pData/Local/Programs/MiKTeX/fonts/type1/public/lm/lmsy6.pfb><C:/Users/dgonzalez
/AppData/Local/Programs/MiKTeX/fonts/type1/public/lm/lmsy7.pfb><C:/Users/dgonza
lez/AppData/Local/Programs/MiKTeX/fonts/type1/public/lm/lmsy8.pfb><C:/Users/dgo
nzalez/AppData/Local/Programs/MiKTeX/fonts/type1/public/lm/lmtt10.pfb>
Output written on "C:\Users\dgonzalez\Desktop\Diego González\Project APE MA\ou
tput\paper\main.pdf" (20 pages, 467347 bytes).
Transcript written on "C:\Users\dgonzalez\Desktop\Diego González\Project APE M
A\output\paper\main.log".

$ C:\Users\dgonzalez\AppData\Local\Programs\Python\Python312\python.exe code/check_outputs.py
{
  "sample_invariants": "pass",
  "common_regression_samples": "pass",
  "table_placeholders": "pass",
  "tests": 13,
  "pdf_checked": true,
  "pdf_pages": 20,
  "pdf_sha256": "281a5df4c5802348340d0fac1748be3565c1c0d5cdb75f2e935b3b63ea6278fb",
  "latex_errors": 0,
  "overfull_boxes": 0
}

